// Jest Snapshot v1, https://goo.gl/fbAQLP

exports[`Dragon Component matches the snapshot 1`] = `ReactWrapper {}`;
