// Jest Snapshot v1, https://goo.gl/fbAQLP

exports[`Order Component matches the snapshot 1`] = `ReactWrapper {}`;
