// Jest Snapshot v1, https://goo.gl/fbAQLP

exports[`Header Component matches the snapshot 1`] = `
<div
  className="header container-fluid"
>
  <div
    className="grid"
  >
    <div
      className="row"
    >
      <div
        className="col"
      >
        <p>
          Drag√µes
        </p>
      </div>
    </div>
  </div>
</div>
`;
